exports[`test type-mismatch:locales/en.json 1`] = `
"{
    add_me: add,
    keep_me: keep
}"
`;

exports[`test type-mismatch:locales/pt-BR.json 1`] = `
"{
    add_me: {
        blow_up: 42
    },
    keep_me: keep
}"
`;

exports[`test type-mismatch:stderr.txt 1`] = `
"actual/locales/pt-BR.json contains type mismatch on key add_me

THROWN:
Error: [i18next-json-sync] found keys unsafe to synchronize 
 	...
"
`;

exports[`test type-mismatch:stdout.txt 1`] = `""`;
