{
    "outer": {
        "inner": {
            "keep": "changed",
            "add": "add",
            "keep2": "changed2"
        },
        "add2": "add2"
    },
    "new_structure": {
        "asdf": {
            "qwer": "qwer"
        }
    }
}