exports[`test plurals-simple:locales/en.json 1`] = `
"{
    book: book en,
    book_plural: books en,
    keep_one: one en,
    keep_two: two en
}"
`;

exports[`test plurals-simple:locales/ja.json 1`] = `
"{
    book_0: books en,
    keep_one: one ja,
    keep_two: two ja
}"
`;

exports[`test plurals-simple:locales/ru.json 1`] = `
"{
    book_0: books en,
    book_1: books en,
    book_2: books en,
    keep_one: one ru,
    keep_two: two ru
}"
`;

exports[`test plurals-simple:stderr.txt 1`] = `""`;

exports[`test plurals-simple:stdout.txt 1`] = `
"Pushed keys to actual/locales/ja.json: book_0
Removed keys from actual/locales/ja.json: book_plural, book
Pushed keys to actual/locales/ru.json: book_0, book_1, book_2
Removed keys from actual/locales/ru.json: book_plural, book
"
`;