{
    "add_me": "add",
    "keep_me": "don't change"
}